// Jest Snapshot v1, https://goo.gl/fbAQLP

exports[`Header renders without crashing 1`] = `
<div
  className="app-container"
>
  <h3>
    MY WEEKEND'S ALL BOOKED
  </h3>
  <h6
    className="sub-header"
  >
    Search for your perfect weekend book and more...
  </h6>
</div>
`;
